src/lib/supabase.ts(4,21): error TS1343: The 'import.meta' meta-property is only allowed when the '--module' option is 'es2020', 'es2022', 'esnext', 'system', 'node16', 'node18', 'node20', or 'nodenext'.
src/lib/supabase.ts(4,33): error TS2339: Property 'env' does not exist on type 'ImportMeta'.
src/lib/supabase.ts(5,25): error TS1343: The 'import.meta' meta-property is only allowed when the '--module' option is 'es2020', 'es2022', 'esnext', 'system', 'node16', 'node18', 'node20', or 'nodenext'.
src/lib/supabase.ts(5,37): error TS2339: Property 'env' does not exist on type 'ImportMeta'.
src/pages/manager/PerformanceAnalytics.tsx(309,5): error TS17004: Cannot use JSX unless the '--jsx' flag is provided.
src/pages/manager/PerformanceAnalytics.tsx(312,7): error TS17004: Cannot use JSX unless the '--jsx' flag is provided.
src/pages/manager/PerformanceAnalytics.tsx(326,11): error TS17004: Cannot use JSX unless the '--jsx' flag is provided.
src/pages/manager/PerformanceAnalytics.tsx(340,13): error TS17004: Cannot use JSX unless the '--jsx' flag is provided.
src/pages/manager/PerformanceAnalytics.tsx(343,13): error TS17004: Cannot use JSX unless the '--jsx' flag is provided.
src/pages/manager/PerformanceAnalytics.tsx(345,13): error TS17004: Cannot use JSX unless the '--jsx' flag is provided.
src/pages/manager/PerformanceAnalytics.tsx(362,13): error TS17004: Cannot use JSX unless the '--jsx' flag is provided.
src/pages/manager/PerformanceAnalytics.tsx(363,15): error TS17004: Cannot use JSX unless the '--jsx' flag is provided.
src/pages/manager/PerformanceAnalytics.tsx(364,17): error TS17004: Cannot use JSX unless the '--jsx' flag is provided.
src/pages/manager/PerformanceAnalytics.tsx(370,17): error TS17004: Cannot use JSX unless the '--jsx' flag is provided.
src/pages/manager/PerformanceAnalytics.tsx(371,19): error TS17004: Cannot use JSX unless the '--jsx' flag is provided.
src/pages/manager/PerformanceAnalytics.tsx(383,21): error TS17004: Cannot use JSX unless the '--jsx' flag is provided.
src/pages/manager/PerformanceAnalytics.tsx(395,23): error TS17004: Cannot use JSX unless the '--jsx' flag is provided.
src/pages/manager/PerformanceAnalytics.tsx(401,15): error TS17004: Cannot use JSX unless the '--jsx' flag is provided.
src/pages/manager/PerformanceAnalytics.tsx(410,7): error TS17004: Cannot use JSX unless the '--jsx' flag is provided.
src/pages/manager/PerformanceAnalytics.tsx(411,9): error TS17004: Cannot use JSX unless the '--jsx' flag is provided.
src/pages/manager/PerformanceAnalytics.tsx(412,11): error TS17004: Cannot use JSX unless the '--jsx' flag is provided.
src/pages/manager/PerformanceAnalytics.tsx(413,11): error TS17004: Cannot use JSX unless the '--jsx' flag is provided.
src/pages/manager/PerformanceAnalytics.tsx(416,9): error TS17004: Cannot use JSX unless the '--jsx' flag is provided.
src/pages/manager/PerformanceAnalytics.tsx(418,11): error TS17004: Cannot use JSX unless the '--jsx' flag is provided.
src/pages/manager/PerformanceAnalytics.tsx(419,13): error TS17004: Cannot use JSX unless the '--jsx' flag is provided.
src/pages/manager/PerformanceAnalytics.tsx(420,15): error TS17004: Cannot use JSX unless the '--jsx' flag is provided.
src/pages/manager/PerformanceAnalytics.tsx(421,17): error TS17004: Cannot use JSX unless the '--jsx' flag is provided.
src/pages/manager/PerformanceAnalytics.tsx(422,17): error TS17004: Cannot use JSX unless the '--jsx' flag is provided.
src/pages/manager/PerformanceAnalytics.tsx(425,15): error TS17004: Cannot use JSX unless the '--jsx' flag is provided.
src/pages/manager/PerformanceAnalytics.tsx(431,19): error TS17004: Cannot use JSX unless the '--jsx' flag is provided.
src/pages/manager/PerformanceAnalytics.tsx(432,21): error TS17004: Cannot use JSX unless the '--jsx' flag is provided.
src/pages/manager/PerformanceAnalytics.tsx(433,21): error TS17004: Cannot use JSX unless the '--jsx' flag is provided.
src/pages/manager/PerformanceAnalytics.tsx(439,13): error TS17004: Cannot use JSX unless the '--jsx' flag is provided.
src/pages/manager/PerformanceAnalytics.tsx(455,19): error TS17004: Cannot use JSX unless the '--jsx' flag is provided.
src/pages/manager/PerformanceAnalytics.tsx(458,23): error TS17004: Cannot use JSX unless the '--jsx' flag is provided.
src/pages/manager/PerformanceAnalytics.tsx(476,21): error TS17004: Cannot use JSX unless the '--jsx' flag is provided.
src/pages/manager/PerformanceAnalytics.tsx(490,23): error TS17004: Cannot use JSX unless the '--jsx' flag is provided.
src/pages/manager/PerformanceAnalytics.tsx(506,23): error TS17004: Cannot use JSX unless the '--jsx' flag is provided.
src/pages/manager/PerformanceAnalytics.tsx(522,23): error TS17004: Cannot use JSX unless the '--jsx' flag is provided.
src/pages/manager/PerformanceAnalytics.tsx(543,13): error TS17004: Cannot use JSX unless the '--jsx' flag is provided.
src/pages/manager/PerformanceAnalytics.tsx(545,17): error TS17004: Cannot use JSX unless the '--jsx' flag is provided.
src/pages/manager/PerformanceAnalytics.tsx(553,19): error TS17004: Cannot use JSX unless the '--jsx' flag is provided.
src/pages/manager/PerformanceAnalytics.tsx(559,11): error TS17004: Cannot use JSX unless the '--jsx' flag is provided.
src/pages/manager/PerformanceAnalytics.tsx(561,13): error TS17004: Cannot use JSX unless the '--jsx' flag is provided.
src/pages/manager/PerformanceAnalytics.tsx(562,15): error TS17004: Cannot use JSX unless the '--jsx' flag is provided.
src/pages/manager/PerformanceAnalytics.tsx(563,15): error TS17004: Cannot use JSX unless the '--jsx' flag is provided.
src/pages/manager/PerformanceAnalytics.tsx(567,13): error TS17004: Cannot use JSX unless the '--jsx' flag is provided.
src/pages/manager/PerformanceAnalytics.tsx(568,15): error TS17004: Cannot use JSX unless the '--jsx' flag is provided.
src/pages/manager/PerformanceAnalytics.tsx(570,17): error TS17004: Cannot use JSX unless the '--jsx' flag is provided.
src/pages/manager/PerformanceAnalytics.tsx(575,13): error TS17004: Cannot use JSX unless the '--jsx' flag is provided.
src/pages/manager/PerformanceAnalytics.tsx(580,19): error TS17004: Cannot use JSX unless the '--jsx' flag is provided.
src/pages/manager/PerformanceAnalytics.tsx(589,21): error TS17004: Cannot use JSX unless the '--jsx' flag is provided.
src/pages/manager/PerformanceAnalytics.tsx(591,23): error TS17004: Cannot use JSX unless the '--jsx' flag is provided.
src/pages/manager/PerformanceAnalytics.tsx(592,25): error TS17004: Cannot use JSX unless the '--jsx' flag is provided.
src/pages/manager/PerformanceAnalytics.tsx(612,25): error TS17004: Cannot use JSX unless the '--jsx' flag is provided.
src/pages/manager/PerformanceAnalytics.tsx(619,23): error TS17004: Cannot use JSX unless the '--jsx' flag is provided.
src/pages/manager/PerformanceAnalytics.tsx(625,21): error TS17004: Cannot use JSX unless the '--jsx' flag is provided.
src/pages/manager/PerformanceAnalytics.tsx(626,23): error TS17004: Cannot use JSX unless the '--jsx' flag is provided.
src/pages/manager/PerformanceAnalytics.tsx(630,21): error TS17004: Cannot use JSX unless the '--jsx' flag is provided.
src/pages/manager/PerformanceAnalytics.tsx(631,23): error TS17004: Cannot use JSX unless the '--jsx' flag is provided.
src/pages/manager/PerformanceAnalytics.tsx(635,21): error TS17004: Cannot use JSX unless the '--jsx' flag is provided.
src/pages/manager/PerformanceAnalytics.tsx(636,23): error TS17004: Cannot use JSX unless the '--jsx' flag is provided.
src/pages/manager/PerformanceAnalytics.tsx(640,21): error TS17004: Cannot use JSX unless the '--jsx' flag is provided.
src/pages/manager/PerformanceAnalytics.tsx(641,23): error TS17004: Cannot use JSX unless the '--jsx' flag is provided.
src/pages/manager/PerformanceAnalytics.tsx(645,21): error TS17004: Cannot use JSX unless the '--jsx' flag is provided.
src/pages/manager/PerformanceAnalytics.tsx(646,23): error TS17004: Cannot use JSX unless the '--jsx' flag is provided.
src/pages/manager/PerformanceAnalytics.tsx(650,21): error TS17004: Cannot use JSX unless the '--jsx' flag is provided.
src/pages/manager/PerformanceAnalytics.tsx(651,23): error TS17004: Cannot use JSX unless the '--jsx' flag is provided.
src/pages/manager/PerformanceAnalytics.tsx(663,21): error TS17004: Cannot use JSX unless the '--jsx' flag is provided.
src/pages/manager/PerformanceAnalytics.tsx(664,23): error TS17004: Cannot use JSX unless the '--jsx' flag is provided.
src/pages/manager/PerformanceAnalytics.tsx(670,23): error TS17004: Cannot use JSX unless the '--jsx' flag is provided.
src/pages/manager/PerformanceAnalytics.tsx(671,25): error TS17004: Cannot use JSX unless the '--jsx' flag is provided.
src/pages/manager/PerformanceAnalytics.tsx(688,7): error TS17004: Cannot use JSX unless the '--jsx' flag is provided.
src/pages/manager/PerformanceAnalytics.tsx(689,9): error TS17004: Cannot use JSX unless the '--jsx' flag is provided.
src/pages/manager/PerformanceAnalytics.tsx(690,11): error TS17004: Cannot use JSX unless the '--jsx' flag is provided.
src/pages/manager/PerformanceAnalytics.tsx(691,11): error TS17004: Cannot use JSX unless the '--jsx' flag is provided.
src/pages/manager/PerformanceAnalytics.tsx(694,9): error TS17004: Cannot use JSX unless the '--jsx' flag is provided.
src/pages/manager/PerformanceAnalytics.tsx(696,11): error TS17004: Cannot use JSX unless the '--jsx' flag is provided.
src/pages/manager/PerformanceAnalytics.tsx(697,13): error TS17004: Cannot use JSX unless the '--jsx' flag is provided.
src/pages/manager/PerformanceAnalytics.tsx(698,13): error TS17004: Cannot use JSX unless the '--jsx' flag is provided.
src/pages/manager/PerformanceAnalytics.tsx(700,15): error TS17004: Cannot use JSX unless the '--jsx' flag is provided.
src/pages/manager/PerformanceAnalytics.tsx(701,17): error TS17004: Cannot use JSX unless the '--jsx' flag is provided.
src/pages/manager/PerformanceAnalytics.tsx(702,19): error TS17004: Cannot use JSX unless the '--jsx' flag is provided.
src/pages/manager/PerformanceAnalytics.tsx(703,21): error TS17004: Cannot use JSX unless the '--jsx' flag is provided.
src/pages/manager/PerformanceAnalytics.tsx(717,25): error TS17004: Cannot use JSX unless the '--jsx' flag is provided.
src/pages/manager/PerformanceAnalytics.tsx(722,17): error TS17004: Cannot use JSX unless the '--jsx' flag is provided.
src/pages/manager/PerformanceAnalytics.tsx(727,23): error TS17004: Cannot use JSX unless the '--jsx' flag is provided.
src/pages/manager/PerformanceAnalytics.tsx(728,25): error TS17004: Cannot use JSX unless the '--jsx' flag is provided.
src/pages/manager/PerformanceAnalytics.tsx(729,25): error TS17004: Cannot use JSX unless the '--jsx' flag is provided.
src/pages/manager/PerformanceAnalytics.tsx(736,15): error TS17004: Cannot use JSX unless the '--jsx' flag is provided.
src/pages/manager/PerformanceAnalytics.tsx(743,19): error TS17004: Cannot use JSX unless the '--jsx' flag is provided.
src/pages/manager/PerformanceAnalytics.tsx(744,21): error TS17004: Cannot use JSX unless the '--jsx' flag is provided.
src/pages/manager/PerformanceAnalytics.tsx(745,21): error TS17004: Cannot use JSX unless the '--jsx' flag is provided.
src/pages/manager/PerformanceAnalytics.tsx(746,23): error TS17004: Cannot use JSX unless the '--jsx' flag is provided.
src/pages/manager/PerformanceAnalytics.tsx(748,21): error TS17004: Cannot use JSX unless the '--jsx' flag is provided.
src/pages/manager/PerformanceAnalytics.tsx(751,21): error TS17004: Cannot use JSX unless the '--jsx' flag is provided.
src/pages/manager/PerformanceAnalytics.tsx(759,12): error TS17004: Cannot use JSX unless the '--jsx' flag is provided.
src/pages/manager/PerformanceAnalytics.tsx(760,14): error TS17004: Cannot use JSX unless the '--jsx' flag is provided.
src/pages/manager/PerformanceAnalytics.tsx(762,14): error TS17004: Cannot use JSX unless the '--jsx' flag is provided.
src/pages/manager/PerformanceAnalytics.tsx(763,16): error TS17004: Cannot use JSX unless the '--jsx' flag is provided.
src/pages/manager/PerformanceAnalytics.tsx(764,18): error TS17004: Cannot use JSX unless the '--jsx' flag is provided.
src/pages/manager/PerformanceAnalytics.tsx(765,20): error TS17004: Cannot use JSX unless the '--jsx' flag is provided.
src/pages/manager/PerformanceAnalytics.tsx(766,22): error TS17004: Cannot use JSX unless the '--jsx' flag is provided.
src/pages/manager/PerformanceAnalytics.tsx(775,59): error TS17004: Cannot use JSX unless the '--jsx' flag is provided.
src/pages/manager/PerformanceAnalytics.tsx(779,18): error TS17004: Cannot use JSX unless the '--jsx' flag is provided.
src/pages/manager/PerformanceAnalytics.tsx(780,20): error TS17004: Cannot use JSX unless the '--jsx' flag is provided.
src/pages/manager/PerformanceAnalytics.tsx(781,20): error TS17004: Cannot use JSX unless the '--jsx' flag is provided.
src/pages/manager/PerformanceAnalytics.tsx(785,16): error TS17004: Cannot use JSX unless the '--jsx' flag is provided.
src/pages/manager/PerformanceAnalytics.tsx(787,20): error TS17004: Cannot use JSX unless the '--jsx' flag is provided.
src/pages/manager/PerformanceAnalytics.tsx(788,22): error TS17004: Cannot use JSX unless the '--jsx' flag is provided.
src/pages/manager/PerformanceAnalytics.tsx(789,24): error TS17004: Cannot use JSX unless the '--jsx' flag is provided.
src/pages/manager/PerformanceAnalytics.tsx(790,24): error TS17004: Cannot use JSX unless the '--jsx' flag is provided.
src/pages/manager/PerformanceAnalytics.tsx(792,22): error TS17004: Cannot use JSX unless the '--jsx' flag is provided.
src/pages/manager/PerformanceAnalytics.tsx(793,24): error TS17004: Cannot use JSX unless the '--jsx' flag is provided.
src/pages/manager/PerformanceAnalytics.tsx(801,14): error TS17004: Cannot use JSX unless the '--jsx' flag is provided.
src/pages/manager/PerformanceAnalytics.tsx(804,16): error TS17004: Cannot use JSX unless the '--jsx' flag is provided.
src/pages/manager/PerformanceAnalytics.tsx(805,18): error TS17004: Cannot use JSX unless the '--jsx' flag is provided.
src/pages/manager/PerformanceAnalytics.tsx(806,20): error TS17004: Cannot use JSX unless the '--jsx' flag is provided.
src/pages/manager/PerformanceAnalytics.tsx(807,20): error TS17004: Cannot use JSX unless the '--jsx' flag is provided.
src/pages/manager/PerformanceAnalytics.tsx(810,18): error TS17004: Cannot use JSX unless the '--jsx' flag is provided.
src/pages/manager/PerformanceAnalytics.tsx(812,22): error TS17004: Cannot use JSX unless the '--jsx' flag is provided.
src/pages/manager/PerformanceAnalytics.tsx(816,18): error TS17004: Cannot use JSX unless the '--jsx' flag is provided.
src/pages/manager/PerformanceAnalytics.tsx(818,22): error TS17004: Cannot use JSX unless the '--jsx' flag is provided.
src/pages/manager/PerformanceAnalytics.tsx(819,24): error TS17004: Cannot use JSX unless the '--jsx' flag is provided.
src/pages/manager/PerformanceAnalytics.tsx(820,26): error TS17004: Cannot use JSX unless the '--jsx' flag is provided.
src/pages/manager/PerformanceAnalytics.tsx(822,24): error TS17004: Cannot use JSX unless the '--jsx' flag is provided.
src/pages/manager/PerformanceAnalytics.tsx(829,16): error TS17004: Cannot use JSX unless the '--jsx' flag is provided.
src/pages/manager/PerformanceAnalytics.tsx(830,18): error TS17004: Cannot use JSX unless the '--jsx' flag is provided.
src/pages/manager/PerformanceAnalytics.tsx(831,20): error TS17004: Cannot use JSX unless the '--jsx' flag is provided.
src/pages/manager/PerformanceAnalytics.tsx(832,20): error TS17004: Cannot use JSX unless the '--jsx' flag is provided.
src/pages/manager/PerformanceAnalytics.tsx(834,18): error TS17004: Cannot use JSX unless the '--jsx' flag is provided.
src/pages/manager/PerformanceAnalytics.tsx(838,24): error TS17004: Cannot use JSX unless the '--jsx' flag is provided.
src/pages/manager/PerformanceAnalytics.tsx(839,26): error TS17004: Cannot use JSX unless the '--jsx' flag is provided.
src/pages/manager/PerformanceAnalytics.tsx(840,28): error TS17004: Cannot use JSX unless the '--jsx' flag is provided.
src/pages/manager/PerformanceAnalytics.tsx(841,38): error TS17004: Cannot use JSX unless the '--jsx' flag is provided.
src/pages/manager/PerformanceAnalytics.tsx(843,26): error TS17004: Cannot use JSX unless the '--jsx' flag is provided.
src/pages/manager/PerformanceAnalytics.tsx(844,28): error TS17004: Cannot use JSX unless the '--jsx' flag is provided.
src/pages/manager/PerformanceAnalytics.tsx(845,28): error TS17004: Cannot use JSX unless the '--jsx' flag is provided.
src/pages/manager/PerformanceAnalytics.tsx(854,16): error TS17004: Cannot use JSX unless the '--jsx' flag is provided.
src/pages/manager/PerformanceAnalytics.tsx(859,22): error TS17004: Cannot use JSX unless the '--jsx' flag is provided.
src/pages/manager/PerformanceAnalytics.tsx(860,24): error TS17004: Cannot use JSX unless the '--jsx' flag is provided.
src/pages/manager/PerformanceAnalytics.tsx(861,26): error TS17004: Cannot use JSX unless the '--jsx' flag is provided.
src/pages/manager/PerformanceAnalytics.tsx(862,26): error TS17004: Cannot use JSX unless the '--jsx' flag is provided.
src/pages/manager/PerformanceAnalytics.tsx(864,24): error TS17004: Cannot use JSX unless the '--jsx' flag is provided.
src/pages/manager/PerformanceAnalytics.tsx(865,26): error TS17004: Cannot use JSX unless the '--jsx' flag is provided.
src/pages/manager/PerformanceAnalytics.tsx(865,122): error TS17004: Cannot use JSX unless the '--jsx' flag is provided.
src/pages/manager/PerformanceAnalytics.tsx(869,24): error TS17004: Cannot use JSX unless the '--jsx' flag is provided.
src/pages/manager/PerformanceAnalytics.tsx(874,30): error TS17004: Cannot use JSX unless the '--jsx' flag is provided.
src/pages/manager/PerformanceAnalytics.tsx(875,32): error TS17004: Cannot use JSX unless the '--jsx' flag is provided.
src/pages/manager/PerformanceAnalytics.tsx(878,32): error TS17004: Cannot use JSX unless the '--jsx' flag is provided.
src/pages/manager/PerformanceAnalytics.tsx(879,32): error TS17004: Cannot use JSX unless the '--jsx' flag is provided.
src/pages/manager/PerformanceAnalytics.tsx(880,32): error TS17004: Cannot use JSX unless the '--jsx' flag is provided.
src/pages/manager/PerformanceAnalytics.tsx(881,34): error TS17004: Cannot use JSX unless the '--jsx' flag is provided.
src/pages/manager/PerformanceAnalytics.tsx(884,34): error TS17004: Cannot use JSX unless the '--jsx' flag is provided.
src/pages/manager/PerformanceAnalytics.tsx(901,11): error TS17004: Cannot use JSX unless the '--jsx' flag is provided.
src/pages/manager/PerformanceAnalytics.tsx(915,13): error TS17004: Cannot use JSX unless the '--jsx' flag is provided.
src/pages/manager/PerformanceAnalytics.tsx(917,13): error TS17004: Cannot use JSX unless the '--jsx' flag is provided.
src/pages/manager/PerformanceAnalytics.tsx(919,13): error TS17004: Cannot use JSX unless the '--jsx' flag is provided.
src/pages/manager/PerformanceAnalytics.tsx(920,15): error TS17004: Cannot use JSX unless the '--jsx' flag is provided.
src/pages/manager/PerformanceAnalytics.tsx(921,17): error TS17004: Cannot use JSX unless the '--jsx' flag is provided.
src/pages/manager/PerformanceAnalytics.tsx(922,19): error TS17004: Cannot use JSX unless the '--jsx' flag is provided.
src/pages/manager/PerformanceAnalytics.tsx(934,21): error TS17004: Cannot use JSX unless the '--jsx' flag is provided.
src/pages/manager/PerformanceAnalytics.tsx(935,21): error TS17004: Cannot use JSX unless the '--jsx' flag is provided.
src/pages/manager/PerformanceAnalytics.tsx(939,15): error TS17004: Cannot use JSX unless the '--jsx' flag is provided.
src/pages/manager/PerformanceAnalytics.tsx(944,13): error TS17004: Cannot use JSX unless the '--jsx' flag is provided.
src/pages/manager/PerformanceAnalytics.tsx(948,13): error TS17004: Cannot use JSX unless the '--jsx' flag is provided.
src/pages/manager/PerformanceAnalytics.tsx(962,17): error TS17004: Cannot use JSX unless the '--jsx' flag is provided.
src/pages/manager/PerformanceAnalytics.tsx(963,20): error TS17004: Cannot use JSX unless the '--jsx' flag is provided.
src/pages/manager/PerformanceAnalytics.tsx(964,20): error TS17004: Cannot use JSX unless the '--jsx' flag is provided.
src/pages/manager/PerformanceAnalytics.tsx(965,20): error TS17004: Cannot use JSX unless the '--jsx' flag is provided.
src/pages/manager/PerformanceAnalytics.tsx(970,13): error TS17004: Cannot use JSX unless the '--jsx' flag is provided.
src/pages/manager/PerformanceAnalytics.tsx(987,16): error TS17004: Cannot use JSX unless the '--jsx' flag is provided.
src/pages/manager/PerformanceAnalytics.tsx(988,16): error TS17004: Cannot use JSX unless the '--jsx' flag is provided.
src/pages/manager/PerformanceAnalytics.tsx(995,7): error TS17004: Cannot use JSX unless the '--jsx' flag is provided.
src/pages/manager/PerformanceAnalytics.tsx(997,9): error TS17004: Cannot use JSX unless the '--jsx' flag is provided.
src/pages/manager/PerformanceAnalytics.tsx(999,11): error TS17004: Cannot use JSX unless the '--jsx' flag is provided.
src/pages/manager/PerformanceAnalytics.tsx(1000,13): error TS17004: Cannot use JSX unless the '--jsx' flag is provided.
src/pages/manager/PerformanceAnalytics.tsx(1001,15): error TS17004: Cannot use JSX unless the '--jsx' flag is provided.
src/pages/manager/PerformanceAnalytics.tsx(1002,15): error TS17004: Cannot use JSX unless the '--jsx' flag is provided.
src/pages/manager/PerformanceAnalytics.tsx(1005,13): error TS17004: Cannot use JSX unless the '--jsx' flag is provided.
src/pages/manager/PerformanceAnalytics.tsx(1013,17): error TS17004: Cannot use JSX unless the '--jsx' flag is provided.
src/pages/manager/PerformanceAnalytics.tsx(1014,19): error TS17004: Cannot use JSX unless the '--jsx' flag is provided.
src/pages/manager/PerformanceAnalytics.tsx(1015,19): error TS17004: Cannot use JSX unless the '--jsx' flag is provided.
src/pages/manager/PerformanceAnalytics.tsx(1022,11): error TS17004: Cannot use JSX unless the '--jsx' flag is provided.
src/pages/manager/PerformanceAnalytics.tsx(1023,13): error TS17004: Cannot use JSX unless the '--jsx' flag is provided.
src/pages/manager/PerformanceAnalytics.tsx(1043,19): error TS17004: Cannot use JSX unless the '--jsx' flag is provided.
src/pages/manager/PerformanceAnalytics.tsx(1045,21): error TS17004: Cannot use JSX unless the '--jsx' flag is provided.
src/pages/manager/PerformanceAnalytics.tsx(1049,27): error TS17004: Cannot use JSX unless the '--jsx' flag is provided.
src/pages/manager/PerformanceAnalytics.tsx(1051,29): error TS17004: Cannot use JSX unless the '--jsx' flag is provided.
src/pages/manager/PerformanceAnalytics.tsx(1053,33): error TS17004: Cannot use JSX unless the '--jsx' flag is provided.
src/pages/manager/PerformanceAnalytics.tsx(1065,31): error TS17004: Cannot use JSX unless the '--jsx' flag is provided.
src/pages/manager/PerformanceAnalytics.tsx(1075,33): error TS17004: Cannot use JSX unless the '--jsx' flag is provided.
src/pages/manager/PerformanceAnalytics.tsx(1091,21): error TS17004: Cannot use JSX unless the '--jsx' flag is provided.
src/pages/manager/PerformanceAnalytics.tsx(1094,21): error TS17004: Cannot use JSX unless the '--jsx' flag is provided.
src/pages/manager/PerformanceAnalytics.tsx(1095,23): error TS17004: Cannot use JSX unless the '--jsx' flag is provided.
src/pages/manager/PerformanceAnalytics.tsx(1132,15): error TS17004: Cannot use JSX unless the '--jsx' flag is provided.
src/pages/manager/PerformanceAnalytics.tsx(1140,19): error TS17004: Cannot use JSX unless the '--jsx' flag is provided.
src/pages/manager/PerformanceAnalytics.tsx(1149,21): error TS17004: Cannot use JSX unless the '--jsx' flag is provided.
src/pages/manager/PerformanceAnalytics.tsx(1158,21): error TS17004: Cannot use JSX unless the '--jsx' flag is provided.
src/pages/manager/PerformanceAnalytics.tsx(1160,23): error TS17004: Cannot use JSX unless the '--jsx' flag is provided.
src/pages/manager/PerformanceAnalytics.tsx(1161,25): error TS17004: Cannot use JSX unless the '--jsx' flag is provided.
src/pages/manager/PerformanceAnalytics.tsx(1165,27): error TS17004: Cannot use JSX unless the '--jsx' flag is provided.
src/pages/manager/PerformanceAnalytics.tsx(1171,23): error TS17004: Cannot use JSX unless the '--jsx' flag is provided.
src/pages/manager/PerformanceAnalytics.tsx(1175,23): error TS17004: Cannot use JSX unless the '--jsx' flag is provided.
src/pages/manager/PerformanceAnalytics.tsx(1222,15): error TS17004: Cannot use JSX unless the '--jsx' flag is provided.
src/pages/manager/PerformanceAnalytics.tsx(1234,18): error TS17004: Cannot use JSX unless the '--jsx' flag is provided.
src/pages/manager/PerformanceAnalytics.tsx(1235,18): error TS17004: Cannot use JSX unless the '--jsx' flag is provided.
src/pages/manager/PerformanceAnalytics.tsx(1237,18): error TS17004: Cannot use JSX unless the '--jsx' flag is provided.
src/pages/manager/PerformanceAnalytics.tsx(1238,21): error TS17004: Cannot use JSX unless the '--jsx' flag is provided.
src/pages/manager/PerformanceAnalytics.tsx(1239,23): error TS17004: Cannot use JSX unless the '--jsx' flag is provided.
src/pages/manager/PerformanceAnalytics.tsx(1240,25): error TS17004: Cannot use JSX unless the '--jsx' flag is provided.
src/pages/manager/PerformanceAnalytics.tsx(1241,25): error TS17004: Cannot use JSX unless the '--jsx' flag is provided.
src/pages/manager/PerformanceAnalytics.tsx(1243,23): error TS17004: Cannot use JSX unless the '--jsx' flag is provided.
src/pages/manager/PerformanceAnalytics.tsx(1244,25): error TS17004: Cannot use JSX unless the '--jsx' flag is provided.
src/pages/manager/PerformanceAnalytics.tsx(1245,25): error TS17004: Cannot use JSX unless the '--jsx' flag is provided.
src/pages/manager/PerformanceAnalytics.tsx(1250,18): error TS17004: Cannot use JSX unless the '--jsx' flag is provided.
src/pages/manager/PerformanceAnalytics.tsx(1257,25): error TS17004: Cannot use JSX unless the '--jsx' flag is provided.
src/pages/manager/PerformanceAnalytics.tsx(1270,27): error TS17004: Cannot use JSX unless the '--jsx' flag is provided.
src/pages/manager/PerformanceAnalytics.tsx(1271,29): error TS17004: Cannot use JSX unless the '--jsx' flag is provided.
src/pages/manager/PerformanceAnalytics.tsx(1272,31): error TS17004: Cannot use JSX unless the '--jsx' flag is provided.
src/pages/manager/PerformanceAnalytics.tsx(1275,31): error TS17004: Cannot use JSX unless the '--jsx' flag is provided.
src/pages/manager/PerformanceAnalytics.tsx(1277,29): error TS17004: Cannot use JSX unless the '--jsx' flag is provided.
src/pages/manager/PerformanceAnalytics.tsx(1278,31): error TS17004: Cannot use JSX unless the '--jsx' flag is provided.
src/pages/manager/PerformanceAnalytics.tsx(1279,31): error TS17004: Cannot use JSX unless the '--jsx' flag is provided.
src/pages/manager/PerformanceAnalytics.tsx(1292,27): error TS17004: Cannot use JSX unless the '--jsx' flag is provided.
src/pages/manager/PerformanceAnalytics.tsx(1293,30): error TS17004: Cannot use JSX unless the '--jsx' flag is provided.
src/pages/manager/PerformanceAnalytics.tsx(1311,7): error TS17004: Cannot use JSX unless the '--jsx' flag is provided.
src/pages/manager/PerformanceAnalytics.tsx(1312,9): error TS17004: Cannot use JSX unless the '--jsx' flag is provided.
src/pages/manager/PerformanceAnalytics.tsx(1313,9): error TS17004: Cannot use JSX unless the '--jsx' flag is provided.
src/pages/manager/PerformanceAnalytics.tsx(1315,7): error TS17004: Cannot use JSX unless the '--jsx' flag is provided.
src/pages/manager/PerformanceAnalytics.tsx(1350,13): error TS17004: Cannot use JSX unless the '--jsx' flag is provided.
src/pages/manager/PerformanceAnalytics.tsx(1351,16): error TS17004: Cannot use JSX unless the '--jsx' flag is provided.
src/pages/manager/PerformanceAnalytics.tsx(1354,16): error TS17004: Cannot use JSX unless the '--jsx' flag is provided.
src/pages/manager/PerformanceAnalytics.tsx(1355,18): error TS17004: Cannot use JSX unless the '--jsx' flag is provided.
src/pages/manager/PerformanceAnalytics.tsx(1356,18): error TS17004: Cannot use JSX unless the '--jsx' flag is provided.
src/pages/manager/PerformanceAnalytics.tsx(1357,18): error TS17004: Cannot use JSX unless the '--jsx' flag is provided.
src/pages/manager/PerformanceAnalytics.tsx(1358,18): error TS17004: Cannot use JSX unless the '--jsx' flag is provided.
src/pages/manager/PerformanceAnalytics.tsx(1362,16): error TS17004: Cannot use JSX unless the '--jsx' flag is provided.
src/pages/manager/PerformanceAnalytics.tsx(1367,22): error TS17004: Cannot use JSX unless the '--jsx' flag is provided.
src/pages/manager/PerformanceAnalytics.tsx(1369,24): error TS17004: Cannot use JSX unless the '--jsx' flag is provided.
src/pages/manager/PerformanceAnalytics.tsx(1370,26): error TS17004: Cannot use JSX unless the '--jsx' flag is provided.
src/pages/manager/PerformanceAnalytics.tsx(1371,26): error TS17004: Cannot use JSX unless the '--jsx' flag is provided.
src/pages/manager/PerformanceAnalytics.tsx(1374,24): error TS17004: Cannot use JSX unless the '--jsx' flag is provided.
src/pages/manager/PerformanceAnalytics.tsx(1378,24): error TS17004: Cannot use JSX unless the '--jsx' flag is provided.
src/pages/manager/PerformanceAnalytics.tsx(1379,26): error TS17004: Cannot use JSX unless the '--jsx' flag is provided.
src/pages/manager/PerformanceAnalytics.tsx(1380,26): error TS17004: Cannot use JSX unless the '--jsx' flag is provided.
src/pages/manager/PerformanceAnalytics.tsx(1381,28): error TS17004: Cannot use JSX unless the '--jsx' flag is provided.
src/pages/manager/PerformanceAnalytics.tsx(1385,24): error TS17004: Cannot use JSX unless the '--jsx' flag is provided.
src/pages/manager/PerformanceAnalytics.tsx(1386,26): error TS17004: Cannot use JSX unless the '--jsx' flag is provided.
src/pages/manager/PerformanceAnalytics.tsx(1402,16): error TS17004: Cannot use JSX unless the '--jsx' flag is provided.
src/pages/manager/PerformanceAnalytics.tsx(1433,84): error TS17004: Cannot use JSX unless the '--jsx' flag is provided.
src/pages/manager/PerformanceAnalytics.tsx(1433,86): error TS17004: Cannot use JSX unless the '--jsx' flag is provided.
src/pages/manager/PerformanceAnalytics.tsx(1433,125): error TS17004: Cannot use JSX unless the '--jsx' flag is provided.
src/pages/manager/PerformanceAnalytics.tsx(1434,82): error TS17004: Cannot use JSX unless the '--jsx' flag is provided.
src/pages/manager/PerformanceAnalytics.tsx(1434,89): error TS17004: Cannot use JSX unless the '--jsx' flag is provided.
src/pages/manager/PerformanceAnalytics.tsx(1435,89): error TS17004: Cannot use JSX unless the '--jsx' flag is provided.
src/pages/manager/PerformanceAnalytics.tsx(1435,91): error TS17004: Cannot use JSX unless the '--jsx' flag is provided.
src/pages/manager/PerformanceAnalytics.tsx(1437,21): error TS17004: Cannot use JSX unless the '--jsx' flag is provided.
src/pages/manager/PerformanceAnalytics.tsx(1438,23): error TS17004: Cannot use JSX unless the '--jsx' flag is provided.
src/pages/manager/PerformanceAnalytics.tsx(1439,23): error TS17004: Cannot use JSX unless the '--jsx' flag is provided.
src/pages/manager/PerformanceAnalytics.tsx(1443,21): error TS17004: Cannot use JSX unless the '--jsx' flag is provided.
src/pages/manager/PerformanceAnalytics.tsx(1444,23): error TS17004: Cannot use JSX unless the '--jsx' flag is provided.
src/pages/manager/PerformanceAnalytics.tsx(1446,25): error TS17004: Cannot use JSX unless the '--jsx' flag is provided.
src/pages/manager/PerformanceAnalytics.tsx(1447,27): error TS17004: Cannot use JSX unless the '--jsx' flag is provided.
src/pages/manager/PerformanceAnalytics.tsx(1448,29): error TS17004: Cannot use JSX unless the '--jsx' flag is provided.
src/pages/manager/PerformanceAnalytics.tsx(1449,31): error TS17004: Cannot use JSX unless the '--jsx' flag is provided.
src/pages/manager/PerformanceAnalytics.tsx(1451,29): error TS17004: Cannot use JSX unless the '--jsx' flag is provided.
src/pages/manager/PerformanceAnalytics.tsx(1454,29): error TS17004: Cannot use JSX unless the '--jsx' flag is provided.
src/pages/manager/PerformanceAnalytics.tsx(1455,31): error TS17004: Cannot use JSX unless the '--jsx' flag is provided.
src/pages/manager/PerformanceAnalytics.tsx(1539,13): error TS17004: Cannot use JSX unless the '--jsx' flag is provided.
src/pages/manager/PerformanceAnalytics.tsx(1540,17): error TS17004: Cannot use JSX unless the '--jsx' flag is provided.
src/pages/manager/PerformanceAnalytics.tsx(1541,19): error TS17004: Cannot use JSX unless the '--jsx' flag is provided.
src/pages/manager/PerformanceAnalytics.tsx(1545,17): error TS17004: Cannot use JSX unless the '--jsx' flag is provided.
src/pages/manager/PerformanceAnalytics.tsx(1554,23): error TS17004: Cannot use JSX unless the '--jsx' flag is provided.
src/pages/manager/PerformanceAnalytics.tsx(1570,25): error TS17004: Cannot use JSX unless the '--jsx' flag is provided.
src/pages/manager/PerformanceAnalytics.tsx(1576,25): error TS17004: Cannot use JSX unless the '--jsx' flag is provided.
src/pages/manager/PerformanceAnalytics.tsx(1577,27): error TS17004: Cannot use JSX unless the '--jsx' flag is provided.
src/pages/manager/PerformanceAnalytics.tsx(1578,27): error TS17004: Cannot use JSX unless the '--jsx' flag is provided.
src/pages/manager/PerformanceAnalytics.tsx(1584,19): error TS17004: Cannot use JSX unless the '--jsx' flag is provided.
src/pages/manager/PerformanceAnalytics.tsx(1594,31): error TS17004: Cannot use JSX unless the '--jsx' flag is provided.
src/pages/manager/PerformanceAnalytics.tsx(1615,31): error TS17004: Cannot use JSX unless the '--jsx' flag is provided.
src/pages/manager/PerformanceAnalytics.tsx(1621,17): error TS17004: Cannot use JSX unless the '--jsx' flag is provided.
src/pages/manager/PerformanceAnalytics.tsx(1622,19): error TS17004: Cannot use JSX unless the '--jsx' flag is provided.
src/pages/manager/PerformanceAnalytics.tsx(1623,21): error TS17004: Cannot use JSX unless the '--jsx' flag is provided.
src/pages/manager/PerformanceAnalytics.tsx(1624,21): error TS17004: Cannot use JSX unless the '--jsx' flag is provided.
src/pages/manager/PerformanceAnalytics.tsx(1625,23): error TS17004: Cannot use JSX unless the '--jsx' flag is provided.
src/pages/manager/PerformanceAnalytics.tsx(1626,23): error TS17004: Cannot use JSX unless the '--jsx' flag is provided.
src/pages/manager/PerformanceAnalytics.tsx(1629,19): error TS17004: Cannot use JSX unless the '--jsx' flag is provided.
src/pages/manager/PerformanceAnalytics.tsx(1630,21): error TS17004: Cannot use JSX unless the '--jsx' flag is provided.
src/pages/manager/PerformanceAnalytics.tsx(1631,21): error TS17004: Cannot use JSX unless the '--jsx' flag is provided.
src/pages/manager/PerformanceAnalytics.tsx(1632,23): error TS17004: Cannot use JSX unless the '--jsx' flag is provided.
src/pages/manager/PerformanceAnalytics.tsx(1633,23): error TS17004: Cannot use JSX unless the '--jsx' flag is provided.
src/pages/manager/PerformanceAnalytics.tsx(1638,17): error TS17004: Cannot use JSX unless the '--jsx' flag is provided.
src/pages/manager/PerformanceAnalytics.tsx(1639,19): error TS17004: Cannot use JSX unless the '--jsx' flag is provided.
src/pages/manager/PerformanceAnalytics.tsx(1640,21): error TS17004: Cannot use JSX unless the '--jsx' flag is provided.
src/pages/manager/PerformanceAnalytics.tsx(1641,23): error TS17004: Cannot use JSX unless the '--jsx' flag is provided.
src/pages/manager/PerformanceAnalytics.tsx(1642,23): error TS17004: Cannot use JSX unless the '--jsx' flag is provided.
src/pages/manager/PerformanceAnalytics.tsx(1647,25): error TS17004: Cannot use JSX unless the '--jsx' flag is provided.
src/pages/manager/PerformanceAnalytics.tsx(1648,27): error TS17004: Cannot use JSX unless the '--jsx' flag is provided.
src/pages/manager/PerformanceAnalytics.tsx(1649,29): error TS17004: Cannot use JSX unless the '--jsx' flag is provided.
src/pages/manager/PerformanceAnalytics.tsx(1652,27): error TS17004: Cannot use JSX unless the '--jsx' flag is provided.
src/pages/manager/PerformanceAnalytics.tsx(1653,42): error TS17004: Cannot use JSX unless the '--jsx' flag is provided.
src/pages/manager/PerformanceAnalytics.tsx(1659,18): error TS17004: Cannot use JSX unless the '--jsx' flag is provided.
src/pages/manager/PerformanceAnalytics.tsx(1660,20): error TS17004: Cannot use JSX unless the '--jsx' flag is provided.
src/pages/manager/PerformanceAnalytics.tsx(1660,122): error TS17004: Cannot use JSX unless the '--jsx' flag is provided.
src/pages/manager/PerformanceAnalytics.tsx(1660,209): error TS17004: Cannot use JSX unless the '--jsx' flag is provided.
src/pages/manager/PerformanceAnalytics.tsx(1661,20): error TS17004: Cannot use JSX unless the '--jsx' flag is provided.
src/pages/manager/PerformanceAnalytics.tsx(1665,26): error TS17004: Cannot use JSX unless the '--jsx' flag is provided.
src/pages/manager/PerformanceAnalytics.tsx(1666,28): error TS17004: Cannot use JSX unless the '--jsx' flag is provided.
src/pages/manager/PerformanceAnalytics.tsx(1667,30): error TS17004: Cannot use JSX unless the '--jsx' flag is provided.
src/pages/manager/PerformanceAnalytics.tsx(1671,39): error TS17004: Cannot use JSX unless the '--jsx' flag is provided.
src/pages/manager/PerformanceAnalytics.tsx(1674,28): error TS17004: Cannot use JSX unless the '--jsx' flag is provided.
src/pages/manager/PerformanceAnalytics.tsx(1675,30): error TS17004: Cannot use JSX unless the '--jsx' flag is provided.
src/pages/manager/PerformanceAnalytics.tsx(1676,30): error TS17004: Cannot use JSX unless the '--jsx' flag is provided.
src/pages/manager/PerformanceAnalytics.tsx(1677,30): error TS17004: Cannot use JSX unless the '--jsx' flag is provided.
src/pages/manager/PerformanceAnalytics.tsx(1684,18): error TS17004: Cannot use JSX unless the '--jsx' flag is provided.
src/pages/manager/PerformanceAnalytics.tsx(1703,24): error TS17004: Cannot use JSX unless the '--jsx' flag is provided.
src/pages/manager/PerformanceAnalytics.tsx(1704,25): error TS17004: Cannot use JSX unless the '--jsx' flag is provided.
src/pages/manager/PerformanceAnalytics.tsx(1705,27): error TS17004: Cannot use JSX unless the '--jsx' flag is provided.
src/pages/manager/PerformanceAnalytics.tsx(1706,27): error TS17004: Cannot use JSX unless the '--jsx' flag is provided.
src/pages/manager/PerformanceAnalytics.tsx(1708,25): error TS17004: Cannot use JSX unless the '--jsx' flag is provided.
src/pages/manager/PerformanceAnalytics.tsx(1709,25): error TS17004: Cannot use JSX unless the '--jsx' flag is provided.
src/pages/manager/PerformanceAnalytics.tsx(1710,27): error TS17004: Cannot use JSX unless the '--jsx' flag is provided.
src/pages/manager/PerformanceAnalytics.tsx(1710,125): error TS17004: Cannot use JSX unless the '--jsx' flag is provided.
src/pages/manager/PerformanceAnalytics.tsx(1711,59): error TS17004: Cannot use JSX unless the '--jsx' flag is provided.
src/pages/manager/PerformanceAnalytics.tsx(1713,25): error TS17004: Cannot use JSX unless the '--jsx' flag is provided.
src/pages/manager/PerformanceAnalytics.tsx(1718,31): error TS17004: Cannot use JSX unless the '--jsx' flag is provided.
src/pages/manager/PerformanceAnalytics.tsx(1719,33): error TS17004: Cannot use JSX unless the '--jsx' flag is provided.
src/pages/manager/PerformanceAnalytics.tsx(1720,33): error TS17004: Cannot use JSX unless the '--jsx' flag is provided.
src/pages/manager/PerformanceAnalytics.tsx(1721,33): error TS17004: Cannot use JSX unless the '--jsx' flag is provided.
src/pages/manager/PerformanceAnalytics.tsx(1722,33): error TS17004: Cannot use JSX unless the '--jsx' flag is provided.
src/pages/manager/PerformanceAnalytics.tsx(1723,35): error TS17004: Cannot use JSX unless the '--jsx' flag is provided.
src/pages/manager/PerformanceAnalytics.tsx(1724,35): error TS17004: Cannot use JSX unless the '--jsx' flag is provided.
